#
# There is insufficient memory for the Java Runtime Environment to continue.
# Native memory allocation (malloc) failed to allocate 1048576 bytes. Error detail: AllocateHeap
# Possible reasons:
#   The system is out of physical RAM or swap space
#   This process is running with CompressedOops enabled, and the Java Heap may be blocking the growth of the native heap
# Possible solutions:
#   Reduce memory load on the system
#   Increase physical memory or swap space
#   Check if swap backing store is full
#   Decrease Java heap size (-Xmx/-Xms)
#   Decrease number of Java threads
#   Decrease Java thread stack sizes (-Xss)
#   Set larger code cache with -XX:ReservedCodeCacheSize=
#   JVM is running with Unscaled Compressed Oops mode in which the Java heap is
#     placed in the first 4GB address space. The Java Heap base address is the
#     maximum limit for the native heap growth. Please use -XX:HeapBaseMinAddress
#     to set the Java Heap base and to place the Java Heap above 4GB virtual address.
# This output file may be truncated or incomplete.
#
#  Out of Memory Error (allocation.cpp:44), pid=20244, tid=19480
#
# JRE version:  (21.0.10) (build )
# Java VM: OpenJDK 64-Bit Server VM (21.0.10+-14961533-b1163.108, mixed mode, sharing, tiered, compressed oops, compressed class ptrs, g1 gc, windows-amd64)
# No core dump will be written. Minidumps are not enabled by default on client versions of Windows
#

---------------  S U M M A R Y ------------

Command Line: 

Host: Intel(R) Core(TM) i7-8650U CPU @ 1.90GHz, 8 cores, 7G,  Windows 11 , 64 bit Build 26100 (10.0.26100.8328)
Time: Sun May 31 22:27:39 2026 SE Asia Standard Time elapsed time: 1.053348 seconds (0d 0h 0m 1s)

---------------  T H R E A D  ---------------

Current thread (0x0000014db51cf560):  JavaThread "Unknown thread" [_thread_in_vm, id=19480, stack(0x000000310a000000,0x000000310a100000) (1024K)]

Stack: [0x000000310a000000,0x000000310a100000]
Native frames: (J=compiled Java code, j=interpreted, Vv=VM code, C=native code)
V  [jvm.dll+0x6d78a9]
V  [jvm.dll+0x8665b3]
V  [jvm.dll+0x868bde]
V  [jvm.dll+0x8692c3]
V  [jvm.dll+0x280ee6]
V  [jvm.dll+0xbaf47]
V  [jvm.dll+0x333cb5]
V  [jvm.dll+0x32c321]
V  [jvm.dll+0x82f449]
V  [jvm.dll+0x3c0078]
V  [jvm.dll+0x8185e8]
V  [jvm.dll+0x45449e]
V  [jvm.dll+0x455c01]
C  [jli.dll+0x52ab]
C  [ucrtbase.dll+0x37b0]
C  [KERNEL32.DLL+0x2e957]
C  [ntdll.dll+0x427c]


---------------  P R O C E S S  ---------------

Threads class SMR info:
_java_thread_list=0x00007ffd433eb9c8, length=0, elements={
}

Java Threads: ( => current thread )
Total: 0

Other Threads:
  0x0000014db764ce20 WorkerThread "GC Thread#0"                     [id=16320, stack(0x000000310a100000,0x000000310a200000) (1024K)]

[error occurred during error reporting (printing all threads), id 0xc0000005, EXCEPTION_ACCESS_VIOLATION (0xc0000005) at pc=0x00007ffd42bd87e0]
VM state: not at safepoint (not fully initialized)

VM Mutex/Monitor currently owned by a thread:  ([mutex/lock_event])
[0x00007ffd434587d0] Heap_lock - owner thread: 0x0000014db51cf560

Heap address: 0x0000000082800000, size: 2008 MB, Compressed Oops mode: 32-bit

CDS archive(s) mapped at: [0x0000000000000000-0x0000000000000000-0x0000000000000000), size 0, SharedBaseAddress: 0x0000000800000000, ArchiveRelocationMode: 1.
Narrow klass base: 0x0000000000000000, Narrow klass shift: 0, Narrow klass range: 0x0

GC Precious Log:
 CardTable entry size: 512
 Card Set container configuration: InlinePtr #cards 5 size 8 Array Of Cards #cards 12 size 40 Howl #buckets 4 coarsen threshold 1843 Howl Bitmap #cards 512 size 80 coarsen threshold 460 Card regions per heap region 1 cards per card region 2048

Heap:
 garbage-first heap   total 0K, used 0K [0x0000000082800000, 0x0000000100000000)
  region size 1024K, 0 young (0K), 0 survivors (0K)
 Metaspace       used 0K, committed 0K, reserved 0K
  class space    used 0K, committed 0K, reserved 0K

Heap Regions: E=young(eden), S=young(survivor), O=old, HS=humongous(starts), HC=humongous(continues), CS=collection set, F=free, TAMS=top-at-mark-start, PB=parsable bottom

Card table byte_map: [0x0000014dc9e80000,0x0000014dca270000] _byte_map_base: 0x0000014dc9a6c000

GC Heap History (0 events):
No events

Dll operation events (1 events):
Event: 0.032 Loaded shared library C:\Program Files\Android\Android Studio\jbr\bin\java.dll

Deoptimization events (0 events):
No events

Classes loaded (0 events):
No events

Classes unloaded (0 events):
No events

Classes redefined (0 events):
No events

Internal exceptions (0 events):
No events

ZGC Phase Switch (0 events):
No events

VM Operations (0 events):
No events

Memory protections (0 events):
No events

Nmethod flushes (0 events):
No events

Events (0 events):
No events


Dynamic libraries:
0x00007ff60cce0000 - 0x00007ff60ccea000 	C:\Program Files\Android\Android Studio\jbr\bin\java.EXE
0x00007ffe18280000 - 0x00007ffe184e7000 	C:\WINDOWS\SYSTEM32\ntdll.dll
0x00007ffe16000000 - 0x00007ffe160c9000 	C:\WINDOWS\System32\KERNEL32.DLL
0x00007ffe15010000 - 0x00007ffe15407000 	C:\WINDOWS\System32\KERNELBASE.dll
0x00007ffe14d60000 - 0x00007ffe14eab000 	C:\WINDOWS\System32\ucrtbase.dll
0x00007ffe11f90000 - 0x00007ffe11fa8000 	C:\Program Files\Android\Android Studio\jbr\bin\jli.dll
0x00007ffe11f70000 - 0x00007ffe11f8b000 	C:\Program Files\Android\Android Studio\jbr\bin\VCRUNTIME140.dll
0x00007ffe17e90000 - 0x00007ffe18056000 	C:\WINDOWS\System32\USER32.dll
0x00007ffe14fe0000 - 0x00007ffe15007000 	C:\WINDOWS\System32\win32u.dll
0x00007ffe02bd0000 - 0x00007ffe02e62000 	C:\WINDOWS\WinSxS\amd64_microsoft.windows.common-controls_6595b64144ccf1df_6.0.26100.8457_none_3e0b2faee331e92d\COMCTL32.dll
0x00007ffe16610000 - 0x00007ffe1663b000 	C:\WINDOWS\System32\GDI32.dll
0x00007ffe14eb0000 - 0x00007ffe14fdc000 	C:\WINDOWS\System32\gdi32full.dll
0x00007ffe17970000 - 0x00007ffe17a19000 	C:\WINDOWS\System32\msvcrt.dll
0x00007ffe14cb0000 - 0x00007ffe14d53000 	C:\WINDOWS\System32\msvcp_win.dll
0x00007ffe174a0000 - 0x00007ffe174d2000 	C:\WINDOWS\System32\IMM32.DLL
0x00007ffe118d0000 - 0x00007ffe118dc000 	C:\Program Files\Android\Android Studio\jbr\bin\vcruntime140_1.dll
0x00007ffda2ea0000 - 0x00007ffda2f2d000 	C:\Program Files\Android\Android Studio\jbr\bin\msvcp140.dll
0x00007ffd428a0000 - 0x00007ffd43536000 	C:\Program Files\Android\Android Studio\jbr\bin\server\jvm.dll
0x00007ffe162d0000 - 0x00007ffe16386000 	C:\WINDOWS\System32\ADVAPI32.dll
0x00007ffe173f0000 - 0x00007ffe17497000 	C:\WINDOWS\System32\sechost.dll
0x00007ffe16390000 - 0x00007ffe164a8000 	C:\WINDOWS\System32\RPCRT4.dll
0x00007ffe17200000 - 0x00007ffe17280000 	C:\WINDOWS\System32\WS2_32.dll
0x00007ffe14b10000 - 0x00007ffe14b6e000 	C:\WINDOWS\SYSTEM32\POWRPROF.dll
0x00007ffe0de00000 - 0x00007ffe0de0b000 	C:\WINDOWS\SYSTEM32\VERSION.dll
0x00007ffe047e0000 - 0x00007ffe04816000 	C:\WINDOWS\SYSTEM32\WINMM.dll
0x00007ffe14af0000 - 0x00007ffe14b04000 	C:\WINDOWS\SYSTEM32\UMPDC.dll
0x00007ffe13a00000 - 0x00007ffe13a1b000 	C:\WINDOWS\SYSTEM32\kernel.appcore.dll
0x00007ffe0dd00000 - 0x00007ffe0dd0a000 	C:\Program Files\Android\Android Studio\jbr\bin\jimage.dll
0x00007ffe12e60000 - 0x00007ffe130a2000 	C:\WINDOWS\SYSTEM32\DBGHELP.DLL
0x00007ffe17a30000 - 0x00007ffe17db3000 	C:\WINDOWS\System32\combase.dll
0x00007ffe17290000 - 0x00007ffe17369000 	C:\WINDOWS\System32\OLEAUT32.dll
0x00007ffe0d380000 - 0x00007ffe0d3bb000 	C:\WINDOWS\SYSTEM32\dbgcore.DLL
0x00007ffe15620000 - 0x00007ffe156c8000 	C:\WINDOWS\System32\bcryptPrimitives.dll
0x00007ffe0cd50000 - 0x00007ffe0cd70000 	C:\Program Files\Android\Android Studio\jbr\bin\java.dll

JVMTI agents: none

dbghelp: loaded successfully - version: 4.0.5 - missing functions: none
symbol engine: initialized successfully - sym options: 0x614 - pdb path: .;C:\Program Files\Android\Android Studio\jbr\bin;C:\WINDOWS\SYSTEM32;C:\WINDOWS\WinSxS\amd64_microsoft.windows.common-controls_6595b64144ccf1df_6.0.26100.8457_none_3e0b2faee331e92d;C:\Program Files\Android\Android Studio\jbr\bin\server

VM Arguments:
java_command: <unknown>
java_class_path (initial): <not set>
Launcher Type: SUN_STANDARD

[Global flags]
     intx CICompilerCount                          = 4                                         {product} {ergonomic}
     uint ConcGCThreads                            = 2                                         {product} {ergonomic}
     uint G1ConcRefinementThreads                  = 8                                         {product} {ergonomic}
   size_t G1HeapRegionSize                         = 1048576                                   {product} {ergonomic}
    uintx GCDrainStackTargetSize                   = 64                                        {product} {ergonomic}
   size_t InitialHeapSize                          = 132120576                                 {product} {ergonomic}
   size_t MarkStackSize                            = 4194304                                   {product} {ergonomic}
   size_t MaxHeapSize                              = 2105540608                                {product} {ergonomic}
   size_t MinHeapDeltaBytes                        = 1048576                                   {product} {ergonomic}
   size_t MinHeapSize                              = 8388608                                   {product} {ergonomic}
    uintx NonNMethodCodeHeapSize                   = 5839372                                {pd product} {ergonomic}
    uintx NonProfiledCodeHeapSize                  = 122909434                              {pd product} {ergonomic}
    uintx ProfiledCodeHeapSize                     = 122909434                              {pd product} {ergonomic}
    uintx ReservedCodeCacheSize                    = 251658240                              {pd product} {ergonomic}
     bool SegmentedCodeCache                       = true                                      {product} {ergonomic}
   size_t SoftMaxHeapSize                          = 2105540608                             {manageable} {ergonomic}
     bool UseCompressedOops                        = true                           {product lp64_product} {ergonomic}
     bool UseG1GC                                  = true                                      {product} {ergonomic}
     bool UseLargePagesIndividualAllocation        = false                                  {pd product} {ergonomic}

Logging:
Log output configuration:
 #0: stdout all=warning uptime,level,tags foldmultilines=false
 #1: stderr all=off uptime,level,tags foldmultilines=false

Release file:
<release file has not been read>
Environment Variables:
JAVA_HOME=D:\Java
PATH=D:\flutter\bin;C:\WINDOWS\system32;C:\WINDOWS;C:\WINDOWS\System32\Wbem;C:\WINDOWS\System32\WindowsPowerShell\v1.0\;C:\WINDOWS\System32\OpenSSH\;C:\Program Files\Intel\WiFi\bin\;C:\Program Files\Common Files\Intel\WirelessCommon\;C:\msys64\ucrt64\bin;C:\xampp\php;C:\ProgramData\ComposerSetup\bin;C:\Program Files\maven\apache-maven-3.9.9\bin;C:\xampp\mysql\bin;D:\Java\bin;C:\Program Files\nodejs\;D:\SupabaseCLI\;C:\Program Files\Git\cmd;D:\flutter\bin;C:\Users\user\scoop\shims;C:\Users\user\AppData\Local\Programs\Python\Python313\Scripts\;C:\Users\user\AppData\Local\Programs\Python\Python313\;C:\Users\user\AppData\Local\Microsoft\WindowsApps;C:\Users\user\AppData\Local\Programs\Microsoft VS Code\bin;C:\MinGW\bin;C:\msys64\ucrt64\bin;C:\Users\user\AppData\Roaming\Composer\vendor\bin;C:\Users\user\AppData\Local\Microsoft\WinGet\Packages\Schniz.fnm_Microsoft.Winget.Source_8wekyb3d8bbwe;C:\xampp\php;C:\xampp\mysql\bin;C:\Users\user\AppData\Roaming\npm;C:\Users\user\AppData\Local\Programs\Antigravity\bin;;D:\flutter\bin\mingit\cmd
USERNAME=Ghilbran
OS=Windows_NT
PROCESSOR_IDENTIFIER=Intel64 Family 6 Model 142 Stepping 10, GenuineIntel
TMP=C:\Users\user\AppData\Local\Temp
TEMP=C:\Users\user\AppData\Local\Temp




Periodic native trim disabled

JNI global refs:
JNI global refs: 0, weak refs: 0

JNI global refs memory usage: 0, weak refs: 0

Process memory usage:
Resident Set Size: 12576K (0% of 8218612K total physical memory with 630904K free physical memory)

OOME stack traces (most recent first):
Classloader memory used:

---------------  S Y S T E M  ---------------

OS:
 Windows 11 , 64 bit Build 26100 (10.0.26100.8328)
OS uptime: 12 days 21:45 hours
Hyper-V role detected

CPU: total 8 (initial active 8) (4 cores per cpu, 2 threads per core) family 6 model 142 stepping 10 microcode 0xf0, cx8, cmov, fxsr, ht, mmx, 3dnowpref, sse, sse2, sse3, ssse3, sse4.1, sse4.2, popcnt, lzcnt, tsc, tscinvbit, avx, avx2, aes, erms, clmul, bmi1, bmi2, rtm, adx, fma, vzeroupper, clflush, clflushopt, hv, rdtscp, f16c
Processor Information for the first 8 processors :
  Max Mhz: 2112, Current Mhz: 1910, Mhz Limit: 1900

Memory: 4k page, system-wide physical 8025M (616M free)
TotalPageFile size 23148M (AvailPageFile size 104M)
current process WorkingSet (physical memory assigned to process): 12M, peak: 12M
current process commit charge ("private bytes"): 56M, peak: 57M

vm_info: OpenJDK 64-Bit Server VM (21.0.10+-14961533-b1163.108) for windows-amd64 JRE (21.0.10+-14961533-b1163.108), built on 2026-03-02T19:58:50Z by "builder" with MS VC++ 16.10 / 16.11 (VS2019)

END.
